{
  "cages": [
    {
      "cageId": "",
      "cageName": "",
      "location": "",
      "capacity": 0,
      "pigs": [
        {
          "pigId": "",
          "name": "",
          "age": 0,
          "breed": "",
          "weight": 0,
          "offspring": [
            {
              "pigId": "",
              "name": "",
              "age": 0,
              "breed": "",
              "weight": 0
            }
          ]
        }
      ]
    }
  ]
}
